Archive member included       because of file (symbol)

C:/EPSON/GNU17/lib/24bit/libstdio.a(lib.o)
                              src/boot.o (_init_lib)
C:/EPSON/GNU17/lib/24bit/libstdio.a(sys.o)
                              src/boot.o (_init_sys)
C:/EPSON/GNU17/lib/24bit/libc.a(memcpy.o)
                              src/main.o (memcpy)
C:/EPSON/GNU17/lib/24bit/libc.a(memset.o)
                              src/main.o (memset)
C:/EPSON/GNU17/lib/24bit/libgccMD2.a(_ashlhi3.o)
                              src/port.o (__ashlhi3)
C:/EPSON/GNU17/lib/24bit/libgccMD2.a(_ashlsi3.o)
                              src/main.o (__ashlsi3)
C:/EPSON/GNU17/lib/24bit/libgccMD2.a(_divhi3.o)
                              src/lcd.o (__divhi3)
C:/EPSON/GNU17/lib/24bit/libgccMD2.a(_modhi3.o)
                              src/lcd.o (__modhi3)
C:/EPSON/GNU17/lib/24bit/libgccMD2.a(_udivhi3.o)
                              src/lcd.o (__udivhi3)
C:/EPSON/GNU17/lib/24bit/libgccMD2.a(_umodhi3.o)
                              src/lcd.o (__umodhi3)
C:/EPSON/GNU17/lib/24bit/libgccMD2.a(_lshrsi3.o)
                              src/main.o (__lshrsi3)
C:/EPSON/GNU17/lib/24bit/libgccMD2.a(_mulsi3.o)
                              src/rtca.o (__mulsi3)
C:/EPSON/GNU17/lib/24bit/libgccMD2.a(_negsf2.o)
                              src/lcd.o (__negsf2)
C:/EPSON/GNU17/lib/24bit/libgccMD2.a(_addsf3.o)
                              src/lcd.o (__subsf3)
C:/EPSON/GNU17/lib/24bit/libgccMD2.a(_mulsf3.o)
                              src/lcd.o (__mulsf3)
C:/EPSON/GNU17/lib/24bit/libgccMD2.a(_divsf3.o)
                              src/rfc.o (__divsf3)
C:/EPSON/GNU17/lib/24bit/libgccMD2.a(_floatsisf.o)
                              src/lcd.o (__floatsisf)
C:/EPSON/GNU17/lib/24bit/libgccMD2.a(_fixsfsi.o)
                              src/lcd.o (__fixsfsi)
C:/EPSON/GNU17/lib/24bit/libgccMD2.a(_gtsf2.o)
                              src/main.o (__gtsf2)
C:/EPSON/GNU17/lib/24bit/libgccMD2.a(_ltsf2.o)
                              src/main.o (__ltsf2)
C:/EPSON/GNU17/lib/24bit/libgccMD2.a(_fcmps.o)
                              C:/EPSON/GNU17/lib/24bit/libgccMD2.a(_gtsf2.o) (__fcmps)
C:/EPSON/GNU17/lib/24bit/libgccMD2.a(emu_copro_process.o)
                              src/boot.o (emu_copro_process)
C:/EPSON/GNU17/lib/24bit/libgccMD2.a(_c17_emulib_private_func_scan16.o)
                              C:/EPSON/GNU17/lib/24bit/libgccMD2.a(_addsf3.o) (_c17_emulib_private_func_scan32)
C:/EPSON/GNU17/lib/24bit/libgccMD2.a(_mulhi3.o)
                              C:/EPSON/GNU17/lib/24bit/libgccMD2.a(_mulsi3.o) (__mulhi3)
C:/EPSON/GNU17/lib/24bit/libgccMD2.a(_lshrdi3.o)
                              C:/EPSON/GNU17/lib/24bit/libgccMD2.a(_addsf3.o) (__lshrdi3)

Memory Configuration

Name             Origin             Length             Attributes
*default*        0x00000000         0xffffffff

Linker script and memory map

                0x000007c0                __START_stack=0x7c0
                0x00000000                .=0x0

.bss            0x00000000       0xbe
                0x00000000                __START_bss=.
 src/boot.o(.bss)
 src/clg.o(.bss)
 src/eeprom.o(.bss)
 src/I2C.o(.bss)
 src/i2c_mst.o(.bss)
 src/init.o(.bss)
 src/key.o(.bss)
 src/lcd.o(.bss)
 src/lcd4a.o(.bss)
 src/main.o(.bss)
 .bss           0x00000000        0x2 src/main.o
                0x00000000                Seconds
 src/port.o(.bss)
 src/pwg2.o(.bss)
 src/rfc.o(.bss)
 src/rtca.o(.bss)
 .bss           0x00000002        0x4 src/rtca.o
                0x00000002                swCount
 src/svd.o(.bss)
 src/t16_ch0.o(.bss)
 C:/EPSON/GNU17/lib/24bit/libstdio.a(.bss)
 *fill*         0x00000006        0x2
 .bss           0x00000008       0x30 C:/EPSON/GNU17/lib/24bit/libstdio.a(lib.o)
                0x00000008                _iob
                0x00000020                stdin
                0x00000024                stdout
                0x00000028                stderr
                0x0000002c                seed
                0x00000030                errno
                0x00000034                gm_sec
 .bss           0x00000038       0x86 C:/EPSON/GNU17/lib/24bit/libstdio.a(sys.o)
                0x0000003a                READ_BUF
                0x0000007b                READ_EOF
                0x0000007c                WRITE_BUF
 C:/EPSON/GNU17/lib/24bit/libc.a(.bss)
 C:/EPSON/GNU17/lib/24bit/libgccMD2.a(.bss)
 C:/EPSON/GNU17/lib/24bit/libc.a(.bss)
                0x000000be                __END_bss=.

.data           0x000000be       0x72 load address 0x0000e07c
                0x000000be                __START_data=.
 src/boot.o(.data)
 src/clg.o(.data)
 src/eeprom.o(.data)
 src/I2C.o(.data)
 src/i2c_mst.o(.data)
 src/init.o(.data)
 src/key.o(.data)
 src/lcd.o(.data)
 src/lcd4a.o(.data)
 src/main.o(.data)
 *fill*         0x000000be        0x2
 .data          0x000000c0       0x4c src/main.o
                0x000000c0                RfcCount
                0x000000c4                dispAddData
                0x000000d8                dispDelData
                0x000000ec                runEn
                0x000000ed                TempRhDispEn
                0x000000ee                timeDispEn
                0x000000ef                dispEn
                0x000000f0                startKeyRressState
                0x000000f1                commByte
                0x000000f2                intervTime
                0x000000f4                fechDataFlag
                0x000000f6                dispIntervTime
                0x000000f8                hiTBinTrpot
                0x000000fa                hiFuncCount
                0x000000fc                hiFuncLimit
                0x000000fe                lowTBinTrpot
                0x00000100                lowFuncCount
                0x00000102                lowFuncLimit
                0x00000104                scanKeyEn
                0x00000105                hiTempTrigl
                0x00000106                lowTempTrigl
                0x00000107                stopStatus
                0x00000108                dispSw
                0x00000109                statusByte
 src/port.o(.data)
 .data          0x0000010c        0xc src/port.o
                0x0000010c                key_start
                0x0000010d                key_stop
                0x0000010e                nfc_operate
                0x00000110                portP0xIntInputFlag
                0x00000112                portP1xIntInputFlag
                0x00000114                portP3xIntInputFlag
                0x00000116                portChatteringFlag
 src/pwg2.o(.data)
 src/rfc.o(.data)
 src/rtca.o(.data)
 .data          0x00000118       0x14 src/rtca.o
                0x00000118                rtcaIntCount1Sec
                0x0000011c                rtcaTrTime
                0x00000120                rtcaTrCount
                0x00000124                rtcaTrBits
                0x00000126                timeCount
                0x00000128                dispTimeCnt
 src/svd.o(.data)
 .data          0x0000012c        0x2 src/svd.o
                0x0000012c                svdIntLowVoltage
 src/t16_ch0.o(.data)
 .data          0x0000012e        0x2 src/t16_ch0.o
                0x0000012e                t16Ch0IntCount
 C:/EPSON/GNU17/lib/24bit/libstdio.a(.data)
 C:/EPSON/GNU17/lib/24bit/libc.a(.data)
 C:/EPSON/GNU17/lib/24bit/libgccMD2.a(.data)
 C:/EPSON/GNU17/lib/24bit/libc.a(.data)
                0x00000130                __END_data=.

.vector         0x00008000       0x80
                0x00008000                __START_vector=.
 src/boot.o(.rodata)
 .rodata        0x00008000       0x80 src/boot.o
                0x00008000                vector
                0x00008080                __END_vector=.

.text           0x00008080     0x49ce
                0x00008080                __START_text=.
 src/boot.o(.text)
 .text          0x00008080      0x14c src/boot.o
                0x00008080                boot
                0x000081c4                intAddrErr
                0x000081c8                intReserved
 src/clg.o(.text)
 .text          0x000081cc      0x34a src/clg.o
                0x000081cc                startClgOSC1
                0x0000822e                stopClgOSC1
                0x00008240                enableClgStopDetectionOSC1
                0x00008262                disableClgStopDetectionOSC1
                0x00008284                isClgStopDetectionOSC1
                0x00008298                startClgOSC3f
                0x000082fe                startClgOSC3
                0x0000837e                stopClgOSC3
                0x00008390                startClgIOSC
                0x000083ec                stopClgIOSC
                0x000083fe                runClgAutoTrimmingIOSC
                0x0000845c                switchClgSystemClockOSC1
                0x0000848a                switchClgSystemClockIOSC
                0x000084b4                switchClgSystemClockOSC3
                0x000084e2                setOsc1OperInSlp
                0x000084f4                setIoscOperInSlp
                0x00008504                setOsc3OperInSlp
 src/eeprom.o(.text)
 .text          0x00008516      0x19a src/eeprom.o
                0x00008516                eepromWriteDefaut
                0x00008606                eepromWriteInit
                0x00008640                eepromWriteOneByOne
                0x00008646                eepromWriteBytes
                0x000086aa                eepromReadBytes
 src/I2C.o(.text)
 .text          0x000086b0      0x462 src/I2C.o
                0x000086b0                EE_WriteOneByte
                0x00008720                EE_ReadOneByte
                0x0000877a                EE_ReadOneByte1
                0x000087d2                IIC_Init
                0x00008810                IIC_Start
                0x00008858                IIC_Stop
                0x00008894                IIC_Wait_Ack
                0x000088f0                IIC_Ack
                0x00008934                IIC_NAck
                0x00008978                IIC_Send_Byte
                0x000089f2                IIC_Read_Byte
                0x00008a6c                IIC_Read_Bytes
 src/i2c_mst.o(.text)
 .text          0x00008b12      0x362 src/i2c_mst.o
                0x00008b12                initI2cMst
                0x00008c2a                SHTW2ReadData
                0x00008c32                startI2cMst
                0x00008c58                stopI2cMst
                0x00008c76                sendI2cMstData
                0x00008cd2                receiveI2cMstData
 src/init.o(.text)
 .text          0x00008e74       0x5e src/init.o
                0x00008e74                protectMisc
                0x00008e7c                setFlashcAccessCycle
                0x00008e92                setMiscIRAMSize
                0x00008eb2                setMiscVectorAddress
 src/key.o(.text)
 .text          0x00008ed2        0x2 src/key.o
                0x00008ed2                scanKey
 src/lcd.o(.text)
 .text          0x00008ed4      0xdae src/lcd.o
                0x00008ed4                lcdInit
                0x00008ede                setLcdDispMode
                0x00008f2e                dispRunTime
                0x0000904a                disp_H_L_Char
                0x00009112                LcdDisplayChar
                0x00009494                OnOffSingleDisp
                0x000094e6                FlashScreen
                0x000094e8                dispSegNum
                0x000098d0                dispDigital
                0x00009a4c                clearDigitArea
 src/lcd4a.o(.text)
 .text          0x00009c82      0x232 src/lcd4a.o
                0x00009c82                initLcd4a
                0x00009c8a                onLcd4aDisplay
                0x00009ca6                offLcd4aDisplay
                0x00009cc0                setLcd4aDisplayState
                0x00009cd4                getLcd4aDisplayState
                0x00009cdc                SetLcd4aDisplay1Seg
                0x00009d1a                StartLcd4aClock
                0x00009d2a                StopLcd4aClock
                0x00009d3c                InitLcd4aInt
                0x00009d4e                EnableLcd4aInt
                0x00009d60                DisableLcd4aInt
                0x00009d74                isLcd4aInt
                0x00009d88                ClrLcd4aIntFlg
 src/main.o(.text)
 .text          0x00009eb4      0x6ec src/main.o
                0x00009eb4                main
                0x0000a548                delay_ms
                0x0000a560                delay_us
                0x0000a57a                cleanDateBuf
 src/port.o(.text)
 .text          0x0000a5a0      0x63e src/port.o
                0x0000a5a0                initPort
                0x0000a652                initPortInputP0x
                0x0000a6e2                initPortInputP1x
                0x0000a772                initPortOutputP0x
                0x0000a7b6                initPortOutputP1x
                0x0000a7fa                initPortOutputP4x
                0x0000a83e                enablePortIntP0x
                0x0000a8b6                enablePortIntP1x
                0x0000a92e                disablePortIntP0x
                0x0000a950                disablePortIntP1x
                0x0000a972                disablePortIntP4x
                0x0000a994                intPortInput
                0x0000a9f4                isPortIntP0x
                0x0000aa20                isPortIntP1x
                0x0000aa4c                clearPortIntP0x
                0x0000aa6c                clearPortIntP1x
                0x0000aa8c                getPortOutputP0x
                0x0000aabe                setPortOutputP0x
                0x0000aafe                setPortOutputP1x
                0x0000ab3e                setPortOutputP4x
                0x0000ab7e                getPortInputP0x
                0x0000abae                getPortInputP1x
 src/pwg2.o(.text)
 .text          0x0000abde      0x17c src/pwg2.o
                0x0000abde                setPwg2ModeNormal
                0x0000ac0e                setPwg2ModeEconomy
                0x0000ac68                setPwg2ModeSuperEconomy
                0x0000acd0                setPwg2ModeAuto
                0x0000ad2a                getPwg2Mode
 src/rfc.o(.text)
 .text          0x0000ad5a      0x2f6 src/rfc.o
                0x0000ad5a                getTemp
                0x0000aeaa                initRfc
                0x0000af2a                startRfc
                0x0000af46                stopRfc
                0x0000af62                setRfcMeasurementCounter
                0x0000af72                getRfcMeasurementCounter
                0x0000af8c                setRfcTimeBaseCounter
                0x0000af9c                getRfcTimeBaseCounter
                0x0000afb6                runRfcConvertingOperation
 src/rtca.o(.text)
 .text          0x0000b050      0x93a src/rtca.o
                0x0000b050                rtc_getSeconds
                0x0000b126                Is_Leap_Year
                0x0000b138                rtc_initSet
                0x0000b146                initRtca
                0x0000b206                startRtca
                0x0000b216                stopRtca
                0x0000b226                intRtca
                0x0000b250                enableRtca1SecTimer
                0x0000b26c                disableRtca1SecTimer
                0x0000b27e                setRtca1SecTimerCount
                0x0000b284                getRtca1SecTimerCount
                0x0000b28a                enableRtcaTheoreticalRegulation
                0x0000b2c2                disableRtcaTheoreticalRegulation
                0x0000b2d4                setRtca24hMode
                0x0000b3a0                getRtca24hMode
                0x0000b3cc                setRtcaYear
                0x0000b43a                getRtcaYear
                0x0000b480                setRtcaMonth
                0x0000b4f2                getRtcaMonth
                0x0000b52e                setRtcaDay
                0x0000b5a0                getRtcaDay
                0x0000b5e4                setRtcaWeek
                0x0000b612                getRtcaWeek
                0x0000b63c                setRtcaHour
                0x0000b6c2                getRtcaHour
                0x0000b6fe                setRtcaMinute
                0x0000b76c                getRtcaMinute
                0x0000b7b0                setRtcaSecond
                0x0000b81e                getRtcaSecond
                0x0000b85a                setRtcaIndicator
                0x0000b898                getRtcaIndicator
                0x0000b8c8                initSw
                0x0000b8fe                startSw
                0x0000b90e                stopSw
                0x0000b91e                enableSw
                0x0000b946                disableSw
                0x0000b95c                readSwCount
                0x0000b986                getSw1HzCount
 src/svd.o(.text)
 .text          0x0000b98a      0x14e src/svd.o
                0x0000b98a                initSvd
                0x0000ba02                startSvd
                0x0000ba2e                stopSvd
                0x0000ba56                setSvdComparisonVoltage
                0x0000ba8c                intSvd
                0x0000baac                isSvdIntLowVoltage
                0x0000baba                clearSvdIntLowVoltage
                0x0000bac8                getSvdVoltageDetection
 src/t16_ch0.o(.text)
 .text          0x0000bad8       0xdc src/t16_ch0.o
                0x0000bad8                initT16Ch0
                0x0000bb3c                startT16Ch0
                0x0000bb4c                stopT16Ch0
                0x0000bb60                presetT16Ch0Count
                0x0000bb7e                getT16Ch0Count
                0x0000bb84                intT16Ch0
                0x0000bba8                setT16Ch0IntCount
                0x0000bbae                getT16Ch0IntCount
 C:/EPSON/GNU17/lib/24bit/libstdio.a(.text)
 .text          0x0000bbb4       0x8c C:/EPSON/GNU17/lib/24bit/libstdio.a(lib.o)
                0x0000bbb4                _init_lib
 .text          0x0000bc40      0x1e8 C:/EPSON/GNU17/lib/24bit/libstdio.a(sys.o)
                0x0000bc40                _init_sys
                0x0000bc50                read
                0x0000bcb6                READ_FLASH
                0x0000bce4                write
                0x0000be0c                WRITE_FLASH
 C:/EPSON/GNU17/lib/24bit/libc.a(.text)
 .text          0x0000be28       0x10 C:/EPSON/GNU17/lib/24bit/libc.a(memcpy.o)
                0x0000be28                memcpy
 .text          0x0000be38        0xe C:/EPSON/GNU17/lib/24bit/libc.a(memset.o)
                0x0000be38                memset
 C:/EPSON/GNU17/lib/24bit/libgccMD2.a(.text)
 .text          0x0000be46       0x12 C:/EPSON/GNU17/lib/24bit/libgccMD2.a(_ashlhi3.o)
                0x0000be46                __ashlhi3
 .text          0x0000be58       0x54 C:/EPSON/GNU17/lib/24bit/libgccMD2.a(_ashlsi3.o)
                0x0000be58                __ashlsi3
 .text          0x0000beac        0xc C:/EPSON/GNU17/lib/24bit/libgccMD2.a(_divhi3.o)
                0x0000beac                __divhi3
 .text          0x0000beb8        0xc C:/EPSON/GNU17/lib/24bit/libgccMD2.a(_modhi3.o)
                0x0000beb8                __modhi3
 .text          0x0000bec4        0x6 C:/EPSON/GNU17/lib/24bit/libgccMD2.a(_udivhi3.o)
                0x0000bec4                __udivhi3
 .text          0x0000beca        0x6 C:/EPSON/GNU17/lib/24bit/libgccMD2.a(_umodhi3.o)
                0x0000beca                __umodhi3
 .text          0x0000bed0       0x50 C:/EPSON/GNU17/lib/24bit/libgccMD2.a(_lshrsi3.o)
                0x0000bed0                __lshrsi3
 .text          0x0000bf20        0x6 C:/EPSON/GNU17/lib/24bit/libgccMD2.a(_mulhi3.o)
                0x0000bf20                __mulhi3
 .text          0x0000bf26       0x30 C:/EPSON/GNU17/lib/24bit/libgccMD2.a(_mulsi3.o)
                0x0000bf26                __mulsi3
 .text          0x0000bf56        0x6 C:/EPSON/GNU17/lib/24bit/libgccMD2.a(_negsf2.o)
                0x0000bf56                __negsf2
 .text          0x0000bf5c       0x76 C:/EPSON/GNU17/lib/24bit/libgccMD2.a(_lshrdi3.o)
                0x0000bf5c                __lshrdi3
 .text          0x0000bfd2      0x310 C:/EPSON/GNU17/lib/24bit/libgccMD2.a(_addsf3.o)
                0x0000bfd2                __subsf3
                0x0000bfe0                __addsf3
 .text          0x0000c2e2      0x254 C:/EPSON/GNU17/lib/24bit/libgccMD2.a(_mulsf3.o)
                0x0000c2e2                __mulsf3
 .text          0x0000c536      0x226 C:/EPSON/GNU17/lib/24bit/libgccMD2.a(_divsf3.o)
                0x0000c536                __divsf3
 .text          0x0000c75c       0x74 C:/EPSON/GNU17/lib/24bit/libgccMD2.a(_floatsisf.o)
                0x0000c75c                __floatsisf
 .text          0x0000c7d0       0x9c C:/EPSON/GNU17/lib/24bit/libgccMD2.a(_fixsfsi.o)
                0x0000c7d0                __fixsfsi
                0x0000c7d4                __fixunssfsi
 .text          0x0000c86c        0xc C:/EPSON/GNU17/lib/24bit/libgccMD2.a(_gtsf2.o)
                0x0000c86c                __gtsf2
 .text          0x0000c878        0xc C:/EPSON/GNU17/lib/24bit/libgccMD2.a(_ltsf2.o)
                0x0000c878                __ltsf2
 .text          0x0000c884       0xa2 C:/EPSON/GNU17/lib/24bit/libgccMD2.a(_fcmps.o)
                0x0000c884                __fcmps
 .text          0x0000c926       0xae C:/EPSON/GNU17/lib/24bit/libgccMD2.a(emu_copro_process.o)
                0x0000c926                emu_copro_process
 .text          0x0000c9d4       0x7a C:/EPSON/GNU17/lib/24bit/libgccMD2.a(_c17_emulib_private_func_scan16.o)
                0x0000c9d4                _c17_emulib_private_func_scan16
                0x0000c9fe                _c17_emulib_private_func_scan32
                0x0000ca1c                _c17_emulib_private_func_scan64
 C:/EPSON/GNU17/lib/24bit/libc.a(.text)
                0x0000ca4e                __END_text=.

.rodata         0x0000ca4e     0x162e
                0x0000ca4e                __START_rodata=.
 src/clg.o(.rodata)
 src/eeprom.o(.rodata)
 src/I2C.o(.rodata)
 src/i2c_mst.o(.rodata)
 src/init.o(.rodata)
 src/key.o(.rodata)
 src/lcd.o(.rodata)
 *fill*         0x0000ca4e        0x2
 .rodata        0x0000ca50      0x674 src/lcd.o
 src/lcd4a.o(.rodata)
 .rodata        0x0000d0c4        0x4 src/lcd4a.o
 src/main.o(.rodata)
 .rodata        0x0000d0c8        0x4 src/main.o
 src/port.o(.rodata)
 src/pwg2.o(.rodata)
 src/rfc.o(.rodata)
 .rodata        0x0000d0cc      0xfa4 src/rfc.o
                0x0000d0cc                NTCTempTable
 src/rtca.o(.rodata)
 .rodata        0x0000e070        0xc src/rtca.o
                0x0000e070                mon_table
 src/svd.o(.rodata)
 src/t16_ch0.o(.rodata)
 C:/EPSON/GNU17/lib/24bit/libstdio.a(.rodata)
 C:/EPSON/GNU17/lib/24bit/libc.a(.rodata)
 C:/EPSON/GNU17/lib/24bit/libgccMD2.a(.rodata)
 C:/EPSON/GNU17/lib/24bit/libc.a(.rodata)
                0x0000e07c                __END_rodata=.
                0x0000e07c                __START_data_lma=__END_rodata
                0x0000e0ee                __END_data_lma=(__END_rodata+(__END_data-__START_data))
LOAD src/I2C.o
LOAD src/boot.o
LOAD src/clg.o
LOAD src/eeprom.o
LOAD src/i2c_mst.o
LOAD src/init.o
LOAD src/key.o
LOAD src/lcd.o
LOAD src/lcd4a.o
LOAD src/main.o
LOAD src/port.o
LOAD src/pwg2.o
LOAD src/rfc.o
LOAD src/rtca.o
LOAD src/svd.o
LOAD src/t16_ch0.o
LOAD C:/EPSON/GNU17/lib/24bit/libstdio.a
LOAD C:/EPSON/GNU17/lib/24bit/libc.a
LOAD C:/EPSON/GNU17/lib/24bit/libgccMD2.a
LOAD C:/EPSON/GNU17/lib/24bit/libc.a
OUTPUT(AlertNFC_W013.elf elf32-c17)

*** Section .stab will not be loaded to the target ***

.stab           0x0000e07c     0xb724
 .stab          0x0000e07c     0x18cc src/boot.o
 .stab          0x0000f948      0x9cc src/clg.o
                               0x1b78 (size before relaxing)
 .stab          0x00010314      0x738 src/eeprom.o
                               0x18f0 (size before relaxing)
 .stab          0x00010a4c      0xd50 src/I2C.o
                               0x1f5c (size before relaxing)
 .stab          0x0001179c      0xa2c src/i2c_mst.o
                               0x1c38 (size before relaxing)
 .stab          0x000121c8      0x354 src/init.o
                               0x1500 (size before relaxing)
 .stab          0x0001251c      0x144 src/key.o
                                0x150 (size before relaxing)
 .stab          0x00012660     0x1680 src/lcd.o
                               0x2868 (size before relaxing)
 .stab          0x00013ce0      0x834 src/lcd4a.o
                               0x1a04 (size before relaxing)
 .stab          0x00014514     0x1080 src/main.o
                               0x2340 (size before relaxing)
 .stab          0x00015594      0xdc8 src/port.o
                               0x1f80 (size before relaxing)
 .stab          0x0001635c      0x558 src/pwg2.o
                               0x1710 (size before relaxing)
 .stab          0x000168b4      0x720 src/rfc.o
                               0x18d8 (size before relaxing)
 .stab          0x00016fd4     0x14ac src/rtca.o
                               0x2670 (size before relaxing)
 .stab          0x00018480      0x5a0 src/svd.o
                               0x174c (size before relaxing)
 .stab          0x00018a20      0x4bc src/t16_ch0.o
                               0x1674 (size before relaxing)
 .stab          0x00018edc      0x360 C:/EPSON/GNU17/lib/24bit/libstdio.a(lib.o)
                                0x36c (size before relaxing)
 .stab          0x0001923c      0x564 C:/EPSON/GNU17/lib/24bit/libstdio.a(sys.o)
                                0x570 (size before relaxing)

*** Section .stabstr will not be loaded to the target ***

.stabstr        0x000197a0     0x983f
 .stabstr       0x000197a0     0x983f src/boot.o
                                  0x0 (size before relaxing)
